// Jest Snapshot v1, https://goo.gl/fbAQLP

exports[`Card Container should render correctly 1`] = `ReactWrapper {}`;
